transformer_misc Summary:
AST Parsed     : 19/19 (100.00%)
Positive Passed: 17/19 (89.47%)
Mismatch: "pass/oxc-2674.tsx"
Mismatch: "pass/oxc-2723.jsx"
