---
source: crates/oxc_semantic/tests/integration/cfg.rs
expression: output.cfg_dot_diagram()
input_file: crates/oxc_semantic/tests/integration/cfg_fixtures/if_stmt_in_for_in.js
---
digraph {
    0 [ label = "" ]
    1 [ label = "ForInStatement\nVariableDeclaration" ]
    2 [ label = "" ]
    3 [ label = "Iteration(IdentifierReference(array) in expr)" ]
    4 [ label = "BlockStatement\nIfStatement" ]
    5 [ label = "Condition(if cond)" ]
    6 [ label = "BlockStatement\nExpressionStatement\nbreak" ]
    7 [ label = "unreachable" ]
    8 [ label = "IfStatement" ]
    9 [ label = "Condition(else cond)" ]
    10 [ label = "BlockStatement\nExpressionStatement\ncontinue" ]
    11 [ label = "unreachable" ]
    12 [ label = "" ]
    13 [ label = "ExpressionStatement\nExpressionStatement" ]
    14 [ label = "ExpressionStatement" ]
    15 [ label = "" ]
    0 -> 1 [ label = "NewFunction" ]
    6 -> 7 [ label = "Unreachable" , style = "dotted" ]
    10 -> 11 [ label = "Unreachable" , style = "dotted" ]
    8 -> 9 [ label = "Normal" ]
    11 -> 12 [ label = "Normal" ]
    9 -> 10 [ label = "Jump" ]
    8 -> 12 [ label = "Normal" ]
    4 -> 5 [ label = "Normal" ]
    7 -> 13 [ label = "Normal" ]
    5 -> 6 [ label = "Jump" ]
    4 -> 8 [ label = "Normal" ]
    12 -> 13 [ label = "Normal" ]
    1 -> 2 [ label = "Normal" ]
    2 -> 3 [ label = "Normal" ]
    3 -> 4 [ label = "Jump" ]
    13 -> 3 [ label = "Backedge" ]
    3 -> 14 [ label = "Normal" ]
    6 -> 14 [ label = "Jump" ]
    10 -> 3 [ label = "Jump" ]
    0 -> 15 [ label = "Normal" ]
}
