---
source: crates/oxc_semantic/tests/integration/cfg.rs
expression: output.basic_blocks_printed()
input_file: crates/oxc_semantic/tests/integration/cfg_fixtures/if_stmt_in_for_in.js
---
bb0: {

}

bb1: {

}

bb2: {

}

bb3: {
	statement
	statement
}

bb4: {

}

bb5: {
	iteration <in>
}

bb6: {
	statement
	statement
	condition
}

bb7: {
	statement
	statement
	break
}

bb8: {
	unreachable
}

bb9: {
	statement
	condition
}

bb10: {
	statement
	statement
	continue
}

bb11: {
	unreachable
}

bb12: {

}

bb13: {
	statement
	statement
}

bb14: {
	statement
}

bb15: {

}
