---
source: crates/oxc_semantic/tests/integration/cfg.rs
expression: output.basic_blocks_printed()
input_file: crates/oxc_semantic/tests/integration/cfg_fixtures/labeled_block_break.js
---
bb0: {

}

bb1: {
	statement
}

bb2: {

}

bb3: {
	statement
}

bb4: {
	statement
	statement
	statement
	condition
}

bb5: {
	statement
	break <label>
}

bb6: {
	unreachable
}

bb7: {

}

bb8: {

}

bb9: {

}
