---
source: crates/oxc_semantic/tests/integration/cfg.rs
expression: output.cfg_dot_diagram()
input_file: crates/oxc_semantic/tests/integration/cfg_fixtures/if_else.js
---
digraph {
    0 [ label = "" ]
    1 [ label = "" ]
    2 [ label = "" ]
    3 [ label = "IfStatement" ]
    4 [ label = "" ]
    5 [ label = "" ]
    6 [ label = "BlockStatement\nreturn <value>" ]
    7 [ label = "unreachable" ]
    8 [ label = "BlockStatement\nreturn <value>" ]
    9 [ label = "unreachable" ]
    10 [ label = "return <value>" ]
    11 [ label = "unreachable" ]
    12 [ label = "" ]
    1 -> 0 [ label = Error ]
    3 -> 2 [ label = Error ]
    1 -> 3 [ label = NewFunction ]
    4 -> 2 [ label = Error ]
    5 -> 2 [ label = Error ]
    3 -> 4 [ label = Normal ]
    3 -> 5 [ label = Normal ]
    4 -> 5 [ label = Normal ]
    6 -> 2 [ label = Error ]
    7 -> 2 [ label = Error ]
    6 -> 7 [ label = Unreachable , style = "dotted" ]
    8 -> 2 [ label = Error ]
    9 -> 2 [ label = Error ]
    8 -> 9 [ label = Unreachable , style = "dotted" ]
    10 -> 2 [ label = Error ]
    7 -> 10 [ label = Normal ]
    5 -> 6 [ label = Normal ]
    5 -> 8 [ label = Normal ]
    9 -> 10 [ label = Normal ]
    11 -> 2 [ label = Error ]
    10 -> 11 [ label = Unreachable , style = "dotted" ]
    12 -> 0 [ label = Error ]
    1 -> 12 [ label = Normal ]
}
