---
source: crates/oxc_semantic/tests/integration/cfg.rs
expression: output.basic_blocks_printed()
input_file: crates/oxc_semantic/tests/integration/cfg_fixtures/switch_statement.js
---
bb0: {

}

bb1: {

}

bb2: {

}

bb3: {
	statement
}

bb4: {

}

bb5: {
	statement
	break
}

bb6: {
	unreachable
}

bb7: {

}

bb8: {
	statement
}

bb9: {

}

bb10: {
	statement
	break
}

bb11: {
	unreachable
}

bb12: {

}

bb13: {
	statement
	statement
	statement
	statement
	return <value>
}

bb14: {
	unreachable
}

bb15: {

}

bb16: {
	statement
	statement
	statement
}

bb17: {

}

bb18: {
	statement
	return <value>
}

bb19: {
	unreachable
}

bb20: {
	statement
	return <value>
}

bb21: {
	unreachable
}

bb22: {

}
