---
source: crates/oxc_semantic/tests/integration/cfg.rs
expression: output.basic_blocks_printed()
input_file: crates/oxc_semantic/tests/integration/cfg_fixtures/function_in_finally.js
---
bb0: {

}

bb1: {
	statement
}

bb2: {
	statement
	statement
}

bb3: {

}

bb4: {

}

bb5: {

}

bb6: {
	statement
}

bb7: {
	unreachable
}

bb8: {

}

bb9: {

}

bb10: {

}

bb11: {
	statement
}

bb12: {

}
