---
source: crates/oxc_semantic/tests/integration/cfg.rs
expression: output.cfg_dot_diagram()
input_file: crates/oxc_semantic/tests/integration/cfg_fixtures/switch_statement.js
---
digraph {
    0 [ label = "" ]
    1 [ label = "" ]
    2 [ label = "" ]
    3 [ label = "SwitchStatement" ]
    4 [ label = "" ]
    5 [ label = "ExpressionStatement\nbreak" ]
    6 [ label = "unreachable" ]
    7 [ label = "" ]
    8 [ label = "ExpressionStatement" ]
    9 [ label = "" ]
    10 [ label = "ExpressionStatement\nbreak" ]
    11 [ label = "unreachable" ]
    12 [ label = "" ]
    13 [ label = "BlockStatement\nExpressionStatement\nVariableDeclaration\nExpressionStatement\nreturn <value>" ]
    14 [ label = "unreachable" ]
    15 [ label = "" ]
    16 [ label = "ExpressionStatement\nExpressionStatement\nExpressionStatement" ]
    17 [ label = "" ]
    18 [ label = "ExpressionStatement\nreturn <value>" ]
    19 [ label = "unreachable\nExpressionStatement\nreturn <value>" ]
    20 [ label = "unreachable" ]
    21 [ label = "" ]
    1 -> 0 [ label = Error ]
    3 -> 2 [ label = Error ]
    1 -> 3 [ label = NewFunction ]
    4 -> 2 [ label = Error ]
    5 -> 2 [ label = Error ]
    4 -> 5 [ label = Normal ]
    6 -> 2 [ label = Error ]
    5 -> 6 [ label = Unreachable , style = "dotted" ]
    7 -> 2 [ label = Error ]
    8 -> 2 [ label = Error ]
    7 -> 8 [ label = Normal ]
    9 -> 2 [ label = Error ]
    10 -> 2 [ label = Error ]
    9 -> 10 [ label = Normal ]
    11 -> 2 [ label = Error ]
    10 -> 11 [ label = Unreachable , style = "dotted" ]
    12 -> 2 [ label = Error ]
    13 -> 2 [ label = Error ]
    12 -> 13 [ label = Normal ]
    14 -> 2 [ label = Error ]
    13 -> 14 [ label = Unreachable , style = "dotted" ]
    15 -> 2 [ label = Error ]
    16 -> 2 [ label = Error ]
    15 -> 16 [ label = Normal ]
    17 -> 2 [ label = Error ]
    18 -> 2 [ label = Error ]
    17 -> 18 [ label = Normal ]
    19 -> 2 [ label = Error ]
    18 -> 19 [ label = Unreachable , style = "dotted" ]
    4 -> 7 [ label = Normal ]
    4 -> 9 [ label = Normal ]
    4 -> 12 [ label = Normal ]
    4 -> 15 [ label = Normal ]
    4 -> 17 [ label = Normal ]
    6 -> 7 [ label = Normal ]
    3 -> 4 [ label = Normal ]
    7 -> 9 [ label = Normal ]
    7 -> 12 [ label = Normal ]
    7 -> 15 [ label = Normal ]
    7 -> 17 [ label = Normal ]
    8 -> 9 [ label = Normal ]
    3 -> 7 [ label = Normal ]
    9 -> 12 [ label = Normal ]
    9 -> 15 [ label = Normal ]
    9 -> 17 [ label = Normal ]
    11 -> 12 [ label = Normal ]
    3 -> 9 [ label = Normal ]
    12 -> 15 [ label = Normal ]
    12 -> 17 [ label = Normal ]
    14 -> 15 [ label = Normal ]
    3 -> 12 [ label = Normal ]
    15 -> 17 [ label = Normal ]
    16 -> 17 [ label = Normal ]
    3 -> 15 [ label = Normal ]
    3 -> 17 [ label = Normal ]
    17 -> 19 [ label = Normal ]
    5 -> 19 [ label = Jump ]
    10 -> 19 [ label = Jump ]
    20 -> 2 [ label = Error ]
    19 -> 20 [ label = Unreachable , style = "dotted" ]
    21 -> 0 [ label = Error ]
    1 -> 21 [ label = Normal ]
}
