---
source: crates/oxc_semantic/tests/integration/cfg.rs
expression: output.basic_blocks_printed()
input_file: crates/oxc_semantic/tests/integration/cfg_fixtures/fn_return_obj_expr_with_computed_key.js
---
bb0: {

}

bb1: {

}

bb2: {

}

bb3: {
	return <value>
}

bb4: {
	unreachable
}

bb5: {

}
