---
source: crates/oxc_semantic/tests/integration/cfg.rs
expression: output.basic_blocks_printed()
input_file: crates/oxc_semantic/tests/integration/cfg_fixtures/do_while_break.js
---
bb0: {

}

bb1: {
	statement
}

bb2: {

}

bb3: {
	statement
}

bb4: {
	statement
}

bb5: {
	statement
}

bb6: {
	statement
	break
}

bb7: {
	unreachable
}

bb8: {

}

bb9: {

}

bb10: {
	unreachable
}

bb11: {
	statement
}

bb12: {
	statement
	break
}

bb13: {
	unreachable
}

bb14: {

}

bb15: {

}

bb16: {

}

bb17: {

}
