---
source: crates/oxc_semantic/tests/integration/cfg.rs
expression: output.basic_blocks_printed()
input_file: crates/oxc_semantic/tests/integration/cfg_fixtures/conditional_expression.js
---
bb0: {
	statement
}

bb1: {
	condition
}

bb2: {

}

bb3: {

}

bb4: {
	statement
}
