---
source: crates/oxc_semantic/tests/integration/cfg.rs
expression: output.basic_blocks_printed()
input_file: crates/oxc_semantic/tests/integration/cfg_fixtures/labelled_try_break.js
---
bb0: {

}

bb1: {
	statement
}

bb2: {

}

bb3: {
	statement
	statement
}

bb4: {

}

bb5: {
	statement
	return <value>
}

bb6: {
	unreachable
}

bb7: {
	break <label>
}

bb8: {
	unreachable
}

bb9: {

}

bb10: {
	return <value>
}

bb11: {
	unreachable
}

bb12: {

}
