---
source: crates/oxc_semantic/tests/integration/cfg.rs
expression: output.basic_blocks_printed()
input_file: crates/oxc_semantic/tests/integration/cfg_fixtures/function_as_expression.js
---
bb0: {

}

bb1: {
	statement
}

bb2: {

}

bb3: {

}

bb4: {
	statement
}

bb5: {

}

bb6: {

}

bb7: {

}

bb8: {

}

bb9: {

}

bb10: {
	statement
}

bb11: {

}

bb12: {

}

bb13: {
	statement
}

bb14: {

}

bb15: {

}

bb16: {
	statement
}

bb17: {

}

bb18: {

}

bb19: {
	statement
}

bb20: {

}

bb21: {

}

bb22: {
	statement
}

bb23: {

}

bb24: {

}

bb25: {

}

bb26: {

}

bb27: {
	statement
}

bb28: {

}

bb29: {

}

bb30: {

}

bb31: {

}

bb32: {
	statement
}

bb33: {

}

bb34: {

}

bb35: {
	statement
}

bb36: {

}

bb37: {

}

bb38: {

}
