---
source: crates/oxc_semantic/tests/integration/cfg.rs
expression: output.cfg_dot_diagram()
input_file: crates/oxc_semantic/tests/integration/cfg_fixtures/function_in_finally.js
---
digraph {
    0 [ label = "" ]
    1 [ label = "TryStatement" ]
    2 [ label = "BlockStatement\nExpressionStatement" ]
    3 [ label = "" ]
    4 [ label = "" ]
    5 [ label = "" ]
    6 [ label = "ExpressionStatement" ]
    7 [ label = "unreachable" ]
    8 [ label = "" ]
    9 [ label = "" ]
    10 [ label = "" ]
    11 [ label = "ExpressionStatement" ]
    12 [ label = "" ]
    1 -> 0 [ label = Error(Implicit) ]
    2 -> 0 [ label = Error(Implicit) ]
    1 -> 2 [ label = Normal ]
    3 -> 0 [ label = Error(Implicit) ]
    1 -> 3 [ label = Normal ]
    2 -> 3 [ label = Normal ]
    5 -> 4 [ label = Error(Implicit) ]
    3 -> 5 [ label = NewFunction ]
    6 -> 0 [ label = Error(Implicit) ]
    3 -> 6 [ label = Normal ]
    7 -> 0 [ label = Error(Implicit) ]
    6 -> 7 [ label = Unreachable , style = "dotted" ]
    8 -> 0 [ label = Error(Implicit) ]
    2 -> 8 [ label = Normal ]
    10 -> 9 [ label = Error(Implicit) ]
    8 -> 10 [ label = NewFunction ]
    11 -> 0 [ label = Error(Implicit) ]
    8 -> 11 [ label = Normal ]
    12 -> 0 [ label = Error(Implicit) ]
    11 -> 12 [ label = Normal ]
}
