---
source: crates/oxc_semantic/tests/integration/cfg.rs
expression: output.basic_blocks_printed()
input_file: crates/oxc_semantic/tests/integration/cfg_fixtures/assignment_operators.js
---
bb0: {

}

bb1: {
	statement
}

bb2: {

}

bb3: {
	statement
}

bb4: {

}

bb5: {
	statement
}

bb6: {

}

bb7: {
	statement
	statement
}
