---
source: crates/oxc_semantic/tests/integration/cfg.rs
expression: output.cfg_dot_diagram()
input_file: crates/oxc_semantic/tests/integration/cfg_fixtures/labelled_try_break.js
---
digraph {
    0 [ label = "" ]
    1 [ label = "VariableDeclaration" ]
    2 [ label = "" ]
    3 [ label = "LabeledStatement\nTryStatement" ]
    4 [ label = "BlockStatement\nreturn <value>" ]
    5 [ label = "break <label>" ]
    6 [ label = "unreachable" ]
    7 [ label = "unreachable" ]
    8 [ label = "unreachable" ]
    9 [ label = "break <label>" ]
    10 [ label = "unreachable" ]
    11 [ label = "" ]
    12 [ label = "return <value>" ]
    13 [ label = "unreachable" ]
    14 [ label = "" ]
    1 -> 0 [ label = Error(Implicit) ]
    3 -> 2 [ label = Error(Implicit) ]
    1 -> 3 [ label = NewFunction ]
    4 -> 2 [ label = Error(Implicit) ]
    3 -> 4 [ label = Normal ]
    5 -> 2 [ label = Error(Implicit) ]
    3 -> 5 [ label = Normal ]
    6 -> 2 [ label = Error(Implicit) ]
    4 -> 6 [ label = Unreachable , style = "dotted" ]
    6 -> 5 [ label = Normal ]
    7 -> 2 [ label = Error(Implicit) ]
    5 -> 7 [ label = Unreachable , style = "dotted" ]
    8 -> 2 [ label = Error(Implicit) ]
    7 -> 8 [ label = Unreachable , style = "dotted" ]
    9 -> 2 [ label = Error(Implicit) ]
    6 -> 9 [ label = Normal ]
    10 -> 2 [ label = Error(Implicit) ]
    9 -> 10 [ label = Unreachable , style = "dotted" ]
    11 -> 2 [ label = Error(Implicit) ]
    10 -> 11 [ label = Normal ]
    12 -> 2 [ label = Error(Implicit) ]
    11 -> 12 [ label = Normal ]
    5 -> 12 [ label = Jump ]
    9 -> 12 [ label = Jump ]
    13 -> 2 [ label = Error(Implicit) ]
    12 -> 13 [ label = Unreachable , style = "dotted" ]
    14 -> 0 [ label = Error(Implicit) ]
    1 -> 14 [ label = Normal ]
}
