---
source: crates/oxc_semantic/tests/integration/cfg.rs
expression: output.basic_blocks_printed()
input_file: crates/oxc_semantic/tests/integration/cfg_fixtures/parenthesized_and_sequence_expr.js
---
bb0: {

}

bb1: {

}

bb2: {

}

bb3: {
	statement
}

bb4: {

}

bb5: {

}

bb6: {
	statement
}

bb7: {

}
