---
source: crates/oxc_semantic/tests/integration/cfg.rs
expression: output.basic_blocks_printed()
input_file: crates/oxc_semantic/tests/integration/cfg_fixtures/yield_as_statement_and_expression.js
---
bb0: {

}

bb1: {
	statement
}

bb2: {

}

bb3: {
	statement
	statement
}

bb4: {

}
