---
source: crates/oxc_semantic/tests/integration/cfg.rs
expression: output.basic_blocks_printed()
input_file: crates/oxc_semantic/tests/integration/cfg_fixtures/logical_expressions_short_circuit.js
---
bb0: {

}

bb1: {
	statement
}

bb2: {

}

bb3: {
	condition
}

bb4: {
	statement
	statement
}

bb5: {
	statement
}

bb6: {

}

bb7: {
	condition
}

bb8: {
	statement
}

bb9: {
	statement
}

bb10: {

}

bb11: {
	condition
}

bb12: {
	statement
}

bb13: {

}
