---
source: crates/oxc_semantic/tests/integration/cfg.rs
expression: output.cfg_dot_diagram()
input_file: crates/oxc_semantic/tests/integration/cfg_fixtures/expression_spread.js
---
digraph {
    0 [ label = "" ]
    1 [ label = "VariableDeclaration" ]
    1 -> 0 [ label = Error(Implicit) ]
}
