---
source: crates/oxc_semantic/tests/integration/cfg.rs
expression: output.cfg_dot_diagram()
input_file: crates/oxc_semantic/tests/integration/cfg_fixtures/yield_as_statement_and_expression.js
---
digraph {
    0 [ label = "" ]
    1 [ label = "VariableDeclaration" ]
    2 [ label = "" ]
    3 [ label = "ExpressionStatement\nExpressionStatement" ]
    4 [ label = "" ]
    1 -> 0 [ label = Error ]
    3 -> 2 [ label = Error ]
    1 -> 3 [ label = NewFunction ]
    4 -> 0 [ label = Error ]
    1 -> 4 [ label = Normal ]
}
