---
source: crates/oxc_semantic/tests/integration/cfg.rs
expression: output.cfg_dot_diagram()
input_file: crates/oxc_semantic/tests/integration/cfg_fixtures/do_while_break.js
---
digraph {
    0 [ label = "" ]
    1 [ label = "VariableDeclaration" ]
    2 [ label = "" ]
    3 [ label = "TryStatement" ]
    4 [ label = "BlockStatement" ]
    5 [ label = "DoWhileStatement" ]
    6 [ label = "BlockStatement\nbreak" ]
    7 [ label = "unreachable" ]
    8 [ label = "" ]
    9 [ label = "" ]
    10 [ label = "unreachable" ]
    11 [ label = "DoWhileStatement" ]
    12 [ label = "BlockStatement\nbreak" ]
    13 [ label = "unreachable" ]
    14 [ label = "" ]
    15 [ label = "" ]
    16 [ label = "" ]
    17 [ label = "" ]
    1 -> 0 [ label = Error ]
    3 -> 2 [ label = Error ]
    1 -> 3 [ label = NewFunction ]
    4 -> 2 [ label = Error ]
    3 -> 4 [ label = Normal ]
    5 -> 2 [ label = Error ]
    3 -> 5 [ label = Normal ]
    4 -> 5 [ label = Normal ]
    6 -> 2 [ label = Error ]
    7 -> 2 [ label = Error ]
    6 -> 7 [ label = Unreachable , style = "dotted" ]
    8 -> 2 [ label = Error ]
    9 -> 2 [ label = Error ]
    5 -> 6 [ label = Normal ]
    7 -> 8 [ label = Normal ]
    8 -> 9 [ label = Normal ]
    8 -> 6 [ label = Backedge ]
    6 -> 9 [ label = Jump ]
    10 -> 2 [ label = Error ]
    9 -> 10 [ label = Unreachable , style = "dotted" ]
    11 -> 2 [ label = Error ]
    4 -> 11 [ label = Normal ]
    12 -> 2 [ label = Error ]
    13 -> 2 [ label = Error ]
    12 -> 13 [ label = Unreachable , style = "dotted" ]
    14 -> 2 [ label = Error ]
    15 -> 2 [ label = Error ]
    11 -> 12 [ label = Normal ]
    13 -> 14 [ label = Normal ]
    14 -> 15 [ label = Normal ]
    14 -> 12 [ label = Backedge ]
    12 -> 15 [ label = Jump ]
    16 -> 2 [ label = Error ]
    15 -> 16 [ label = Normal ]
    17 -> 0 [ label = Error ]
    1 -> 17 [ label = Normal ]
}
