---
source: crates/oxc_semantic/tests/integration/cfg.rs
expression: output.cfg_dot_diagram()
input_file: crates/oxc_semantic/tests/integration/cfg_fixtures/labeled_block_break.js
---
digraph {
    0 [ label = "TryStatement" ]
    1 [ label = "" ]
    2 [ label = "BlockStatement" ]
    3 [ label = "LabeledStatement\nBlockStatement\nIfStatement" ]
    4 [ label = "Condition(IdentifierReference(condition))" ]
    5 [ label = "BlockStatement\nbreak <LABEL>" ]
    6 [ label = "unreachable" ]
    7 [ label = "" ]
    8 [ label = "" ]
    9 [ label = "" ]
    2 -> 1 [ label = "Error" ]
    1 -> 3 [ label = "Normal" ]
    5 -> 6 [ label = "Unreachable" , style = "dotted" ]
    3 -> 4 [ label = "Normal" ]
    6 -> 7 [ label = "Normal" ]
    4 -> 5 [ label = "Jump" ]
    3 -> 7 [ label = "Normal" ]
    7 -> 8 [ label = "Normal" ]
    5 -> 8 [ label = "Jump" ]
    0 -> 2 [ label = "Normal" ]
    2 -> 9 [ label = "Normal" ]
    8 -> 9 [ label = "Normal" ]
}
