---
source: crates/oxc_semantic/tests/integration/cfg.rs
expression: output.basic_blocks_printed()
input_file: crates/oxc_semantic/tests/integration/cfg_fixtures/two_functions.js
---
bb0: {

}

bb1: {

}

bb2: {

}

bb3: {
	return <value>
}

bb4: {
	unreachable
}

bb5: {

}

bb6: {

}

bb7: {
	return <value>
}

bb8: {
	unreachable
}

bb9: {

}
